
[36mvite v8.1.3 [32mbuilding client environment for production...[36m[39m
[2K
transforming...Γ£ô 67 modules transformed.
rendering chunks...
[31mΓ£ù[39m Build failed in 1.64s
[31merror during build:
[31mBuild failed with 1 error:
System.Management.Automation.RemoteException
[31m[MISSING_EXPORT] [0m"default" is not exported by "resources/js/App.js".
   [38;5;246mΓò¡[0m[38;5;246mΓöÇ[0m[38;5;246m[[0m 
resources/js/main.jsx:4:8 [38;5;246m][0m
   [38;5;246mΓöé[0m
 [38;5;246m4 Γöé[0m [38;5;249mi[0m[38;5;249mm[0m[38;5;249mp[0m[38;5;24
9mo[0m[38;5;249mr[0m[38;5;249mt[0m[38;5;249m [0mApp[38;5;249m [0m[38;
5;249mf[0m[38;5;249mr[0m[38;5;249mo[0m[38;5;249mm[0m[38;5;249m [0m[38
;5;249m"[0m[38;5;249m.[0m[38;5;249m/[0m[38;5;249mA[0m[38;5;249mp[0m[3
8;5;249mp[0m[38;5;249m"[0m[38;5;249m;[0m
 [38;5;240m  Γöé[0m        ΓöÇΓö¼ΓöÇ  
 [38;5;240m  Γöé[0m         Γò░ΓöÇΓöÇΓöÇ Missing export
[38;5;246mΓöÇΓöÇΓöÇΓò»[0m
[31m
    at aggregateBindingErrorsIntoJsError (file:///C:/appverse%209router/erp-odo
o-laravel/node_modules/rolldown/dist/shared/error-BlQ0-ek7.mjs:48:18)
    at unwrapBindingResult (file:///C:/appverse%209router/erp-odoo-laravel/node
_modules/rolldown/dist/shared/error-BlQ0-ek7.mjs:18:128)
    at #build (file:///C:/appverse%209router/erp-odoo-laravel/node_modules/roll
down/dist/shared/rolldown-build-aV0QeeTW.mjs:3256:34)
    at async buildEnvironment (file:///C:/appverse%209router/erp-odoo-laravel/n
ode_modules/vite/dist/node/chunks/node.js:32622:66)
    at async Object.build (file:///C:/appverse%209router/erp-odoo-laravel/node_
modules/vite/dist/node/chunks/node.js:33044:19)
    at async Object.buildApp (file:///C:/appverse%209router/erp-odoo-laravel/no
de_modules/vite/dist/node/chunks/node.js:33041:153)
    at async CAC.<anonymous> (file:///C:/appverse%209router/erp-odoo-laravel/no
de_modules/vite/dist/node/cli.js:777:3) {
  errors: [Getter/Setter]
}[39m


